Nothing to build in platform 'design_1_wrapper'

14:23:25 **** Incremental Build of configuration Debug for project ssd_ctrl ****
make all 
make --no-print-directory pre-build
a9-linaro-pre-build-step
' '
make --no-print-directory main-build
'Building file: ../src/helloworld.c'
'Invoking: ARM v7 gcc compiler'
arm-none-eabi-gcc -Wall -O0 -g3 -c -fmessage-length=0 -MT"src/helloworld.o" -mcpu=cortex-a9 -mfpu=vfpv3 -mfloat-abi=hard -IC:/Users/Student/vitis_workspace/design_1_wrapper/export/design_1_wrapper/sw/design_1_wrapper/standalone_ps7_cortexa9_0/bspinclude/include -MMD -MP -MF"src/helloworld.d" -MT"src/helloworld.o" -o "src/helloworld.o" "../src/helloworld.c"
'Finished building: ../src/helloworld.c'
' '
'Building target: ssd_ctrl.elf'
'Invoking: ARM v7 gcc linker'
arm-none-eabi-gcc -mcpu=cortex-a9 -mfpu=vfpv3 -mfloat-abi=hard -Wl,-build-id=none -specs=Xilinx.spec -Wl,-T -Wl,../src/lscript.ld -LC:/Users/Student/vitis_workspace/design_1_wrapper/export/design_1_wrapper/sw/design_1_wrapper/standalone_ps7_cortexa9_0/bsplib/lib -o "ssd_ctrl.elf"  ./src/helloworld.o ./src/platform.o   -Wl,--start-group,-lxil,-lgcc,-lc,--end-group
'Finished building target: ssd_ctrl.elf'
' '
'Invoking: ARM v7 Print Size'
arm-none-eabi-size ssd_ctrl.elf  |tee "ssd_ctrl.elf.size"
   text	   data	    bss	    dec	    hex	filename
  19492	   1144	  22568	  43204	   a8c4	ssd_ctrl.elf
'Finished building: ssd_ctrl.elf.size'
' '
14:23:25 **** Incremental Build of configuration Debug for project ssd_ctrl_system ****
make all 
Generating bif file for the system project
generate_system_bif.bat 63595 C:/Users/Student/vitis_workspace/design_1_wrapper/export/design_1_wrapper/design_1_wrapper.xpfm standalone_ps7_cortexa9_0 C:/Users/Student/vitis_workspace/ssd_ctrl_system/Debug/system.bif
sdcard_gen --xpfm C:/Users/Student/vitis_workspace/design_1_wrapper/export/design_1_wrapper/design_1_wrapper.xpfm --sys_config design_1_wrapper --bif C:/Users/Student/vitis_workspace/ssd_ctrl_system/Debug/system.bif --bitstream C:/Users/Student/vitis_workspace/ssd_ctrl/_ide/bitstream/design_1_wrapper.bit --elf C:/Users/Student/vitis_workspace/ssd_ctrl/Debug/ssd_ctrl.elf,ps7_cortexa9_0
creating BOOT.BIN using C:/Users/Student/vitis_workspace/ssd_ctrl/_ide/bitstream/design_1_wrapper.bit
Running C:/Xilinx/Vitis/2023.2/bin/bootgen  -image C:/Users/Student/vitis_workspace/ssd_ctrl_system/Debug/sd_card_temp/boot.bif -w -o i BOOT.BIN
